2025-12-28 22:14:27.889 [info] [main] Log level: Info
2025-12-28 22:14:27.889 [info] [main] Validating found git in: "git"
2025-12-28 22:14:27.889 [info] [main] Using git "2.52.0" from "git"
2025-12-28 22:14:27.889 [info] [Model][doInitialScan] Initial repository scan started
2025-12-28 22:14:27.889 [info] > git rev-parse --show-toplevel [10ms]
2025-12-28 22:14:27.889 [info] > git rev-parse --show-toplevel [4ms]
2025-12-28 22:14:27.889 [info] > git rev-parse --show-toplevel [3ms]
2025-12-28 22:14:27.905 [info] > git rev-parse --show-toplevel [3ms]
2025-12-28 22:14:27.914 [info] > git rev-parse --show-toplevel [4ms]
2025-12-28 22:14:27.919 [info] > git rev-parse --show-toplevel [1ms]
2025-12-28 22:14:27.926 [info] > git rev-parse --show-toplevel [2ms]
2025-12-28 22:14:27.933 [info] > git rev-parse --show-toplevel [3ms]
2025-12-28 22:14:27.962 [info] > git rev-parse --show-toplevel [22ms]
2025-12-28 22:14:27.971 [info] > git rev-parse --show-toplevel [1ms]
2025-12-28 22:14:27.978 [info] > git rev-parse --show-toplevel [1ms]
2025-12-28 22:14:27.988 [info] > git rev-parse --show-toplevel [7ms]
2025-12-28 22:14:27.995 [info] > git rev-parse --show-toplevel [2ms]
2025-12-28 22:14:28.000 [info] > git rev-parse --show-toplevel [0ms]
2025-12-28 22:14:28.004 [info] > git rev-parse --show-toplevel [0ms]
2025-12-28 22:14:28.008 [info] > git rev-parse --show-toplevel [1ms]
2025-12-28 22:14:28.012 [info] > git rev-parse --show-toplevel [1ms]
2025-12-28 22:14:28.015 [info] > git rev-parse --show-toplevel [0ms]
2025-12-28 22:14:28.020 [info] > git rev-parse --show-toplevel [2ms]
2025-12-28 22:14:28.026 [info] > git rev-parse --show-toplevel [2ms]
2025-12-28 22:14:28.031 [info] > git rev-parse --show-toplevel [0ms]
2025-12-28 22:14:28.036 [info] > git rev-parse --show-toplevel [2ms]
2025-12-28 22:14:28.040 [info] > git rev-parse --show-toplevel [1ms]
2025-12-28 22:14:28.041 [info] [Model][doInitialScan] Initial repository scan completed - repositories (0), closed repositories (0), parent repositories (1), unsafe repositories (0)
2025-12-28 22:14:28.068 [info] > git rev-parse --show-toplevel [4ms]
2025-12-28 22:14:28.371 [info] > git rev-parse --show-toplevel [1ms]
2025-12-28 22:14:29.086 [info] > git rev-parse --show-toplevel [2ms]
2025-12-28 22:14:40.116 [info] > git rev-parse --show-toplevel [3ms]
2025-12-28 22:14:47.075 [info] > git rev-parse --show-toplevel [6ms]
2025-12-28 22:14:53.284 [info] > git rev-parse --show-toplevel [1ms]
2025-12-28 22:14:59.338 [info] > git rev-parse --show-toplevel [5ms]
2025-12-28 22:15:18.212 [info] > git rev-parse --show-toplevel [1ms]
2025-12-28 22:17:54.245 [info] > git rev-parse --show-toplevel [3ms]
2025-12-28 22:17:55.467 [info] > git rev-parse --show-toplevel [2ms]
2025-12-28 22:17:58.954 [info] > git rev-parse --show-toplevel [1ms]
2025-12-28 22:18:14.169 [info] > git rev-parse --show-toplevel [2ms]
2025-12-28 22:18:20.118 [info] > git rev-parse --show-toplevel [2ms]
2025-12-28 22:18:21.413 [info] > git rev-parse --show-toplevel [2ms]
2025-12-28 22:18:29.961 [info] > git rev-parse --show-toplevel [0ms]
2025-12-28 22:18:32.054 [info] > git rev-parse --show-toplevel [1ms]
2025-12-28 22:18:33.874 [info] > git rev-parse --show-toplevel [1ms]
2025-12-28 22:18:38.664 [info] > git rev-parse --show-toplevel [1ms]
2025-12-28 22:18:49.255 [info] > git rev-parse --show-toplevel [2ms]
2025-12-28 22:21:19.428 [info] > git rev-parse --show-toplevel [2ms]
2025-12-28 22:21:41.105 [info] > git rev-parse --show-toplevel [1ms]
2025-12-28 22:21:46.797 [info] > git rev-parse --show-toplevel [1ms]
2025-12-28 22:21:47.395 [info] > git rev-parse --show-toplevel [1ms]
2025-12-28 22:21:47.874 [info] > git rev-parse --show-toplevel [2ms]
2025-12-28 22:23:42.136 [info] > git rev-parse --show-toplevel [1ms]
2025-12-28 22:23:46.473 [info] > git rev-parse --show-toplevel [2ms]
2025-12-28 22:25:29.222 [info] > git rev-parse --show-toplevel [1ms]
2025-12-28 22:27:36.566 [info] > git rev-parse --show-toplevel [2ms]
2025-12-28 22:46:17.084 [info] > git rev-parse --show-toplevel [1ms]
2025-12-28 22:46:17.893 [info] > git rev-parse --show-toplevel [1ms]
2025-12-28 22:46:55.608 [info] > git rev-parse --show-toplevel [4ms]
2025-12-28 22:50:14.785 [info] > git rev-parse --show-toplevel [2ms]
2025-12-28 22:50:24.559 [info] > git rev-parse --show-toplevel [2ms]
2025-12-28 23:10:16.714 [info] > git rev-parse --show-toplevel [3ms]
2025-12-28 23:10:19.757 [info] > git rev-parse --show-toplevel [1ms]
2025-12-28 23:10:25.407 [info] > git rev-parse --show-toplevel [1ms]
2025-12-28 23:10:28.490 [info] > git rev-parse --show-toplevel [3ms]
2025-12-28 23:10:29.525 [info] > git rev-parse --show-toplevel [3ms]
2025-12-28 23:10:30.974 [info] > git rev-parse --show-toplevel [1ms]
2025-12-28 23:11:12.325 [info] > git rev-parse --show-toplevel [2ms]
2025-12-28 23:11:50.335 [info] > git rev-parse --show-toplevel [1ms]
2025-12-28 23:11:51.216 [info] > git rev-parse --show-toplevel [1ms]
2025-12-28 23:11:57.654 [info] > git rev-parse --show-toplevel [1ms]
2025-12-28 23:12:11.846 [info] > git rev-parse --show-toplevel [1ms]
2025-12-28 23:12:12.574 [info] > git rev-parse --show-toplevel [1ms]
2025-12-28 23:25:12.167 [info] > git rev-parse --show-toplevel [2ms]
2025-12-28 23:28:17.452 [info] > git rev-parse --show-toplevel [1ms]
2025-12-28 23:30:36.363 [info] > git rev-parse --show-toplevel [1ms]
2025-12-28 23:30:54.674 [info] > git rev-parse --show-toplevel [1ms]
2025-12-28 23:49:45.306 [info] > git rev-parse --show-toplevel [1ms]
