2025-12-29 14:20:04.654 [info] Extension host with pid 4382 started
2025-12-29 14:20:04.654 [info] Skipping acquiring lock for /home/zen/.config/Code - OSS/User/workspaceStorage/ff5d5aebf96efbdf34b1956510add4d9.
2025-12-29 14:20:04.832 [info] ExtensionService#_doActivateExtension vscode.github-authentication, startup: false, activationEvent: 'onAuthenticationRequest:github'
2025-12-29 14:20:04.856 [info] ExtensionService#_doActivateExtension vscode.emmet, startup: false, activationEvent: 'onLanguage'
2025-12-29 14:20:04.872 [info] ExtensionService#_doActivateExtension vscode.css-language-features, startup: false, activationEvent: 'onLanguage:css'
2025-12-29 14:20:05.200 [info] ExtensionService#_doActivateExtension vscode.git-base, startup: true, activationEvent: '*', root cause: vscode.git
2025-12-29 14:20:05.215 [info] ExtensionService#_doActivateExtension vscode.git, startup: true, activationEvent: '*'
2025-12-29 14:20:05.264 [info] ExtensionService#_doActivateExtension vscode.github, startup: true, activationEvent: '*'
2025-12-29 14:20:05.380 [info] Eager extensions activated
2025-12-29 14:20:05.401 [info] ExtensionService#_doActivateExtension vscode.debug-auto-launch, startup: false, activationEvent: 'onStartupFinished'
2025-12-29 14:20:05.403 [info] ExtensionService#_doActivateExtension vscode.merge-conflict, startup: false, activationEvent: 'onStartupFinished'
2025-12-29 14:20:20.557 [info] Extension host terminating: renderer closed the MessagePort
2025-12-29 14:20:20.563 [info] Extension host with pid 4382 exiting with code 0
2025-12-29 14:20:21.768 [info] Extension host with pid 5052 started
2025-12-29 14:20:21.768 [info] Skipping acquiring lock for /home/zen/.config/Code - OSS/User/workspaceStorage/256622e3a692ae122a2ef24bfb783eda.
2025-12-29 14:20:21.977 [info] ExtensionService#_doActivateExtension vscode.github-authentication, startup: false, activationEvent: 'onAuthenticationRequest:github'
2025-12-29 14:20:22.002 [info] ExtensionService#_doActivateExtension vscode.emmet, startup: false, activationEvent: 'onLanguage'
2025-12-29 14:20:22.020 [info] ExtensionService#_doActivateExtension vscode.css-language-features, startup: false, activationEvent: 'onLanguage:css'
2025-12-29 14:20:22.377 [info] ExtensionService#_doActivateExtension vscode.git-base, startup: true, activationEvent: '*', root cause: vscode.git
2025-12-29 14:20:22.391 [info] ExtensionService#_doActivateExtension vscode.git, startup: true, activationEvent: '*'
2025-12-29 14:20:22.445 [info] ExtensionService#_doActivateExtension vscode.github, startup: true, activationEvent: '*'
2025-12-29 14:20:22.562 [info] Eager extensions activated
2025-12-29 14:20:22.582 [info] ExtensionService#_doActivateExtension vscode.debug-auto-launch, startup: false, activationEvent: 'onStartupFinished'
2025-12-29 14:20:22.585 [info] ExtensionService#_doActivateExtension vscode.merge-conflict, startup: false, activationEvent: 'onStartupFinished'
