2025-12-29 01:20:58.082 [info] [main] Log level: Info
2025-12-29 01:20:58.083 [info] [main] Validating found git in: "git"
2025-12-29 01:20:58.083 [info] [main] Using git "2.52.0" from "git"
2025-12-29 01:20:58.083 [info] [Model][doInitialScan] Initial repository scan started
2025-12-29 01:20:58.083 [info] > git rev-parse --show-toplevel [2ms]
2025-12-29 01:20:58.083 [info] > git rev-parse --show-toplevel [2ms]
2025-12-29 01:20:58.083 [info] > git rev-parse --show-toplevel [1ms]
2025-12-29 01:20:58.083 [info] > git rev-parse --show-toplevel [2ms]
2025-12-29 01:20:58.083 [info] > git rev-parse --show-toplevel [2ms]
2025-12-29 01:20:58.083 [info] > git rev-parse --show-toplevel [4ms]
2025-12-29 01:20:58.083 [info] > git rev-parse --show-toplevel [2ms]
2025-12-29 01:20:58.085 [info] > git rev-parse --show-toplevel [3ms]
2025-12-29 01:20:58.092 [info] > git rev-parse --show-toplevel [2ms]
2025-12-29 01:20:58.121 [info] > git rev-parse --show-toplevel [25ms]
2025-12-29 01:20:58.135 [info] > git rev-parse --show-toplevel [3ms]
2025-12-29 01:20:58.140 [info] > git rev-parse --show-toplevel [1ms]
2025-12-29 01:20:58.154 [info] > git rev-parse --show-toplevel [1ms]
2025-12-29 01:20:58.162 [info] > git rev-parse --show-toplevel [1ms]
2025-12-29 01:20:58.173 [info] > git rev-parse --show-toplevel [6ms]
2025-12-29 01:20:58.178 [info] > git rev-parse --show-toplevel [1ms]
2025-12-29 01:20:58.185 [info] > git rev-parse --show-toplevel [1ms]
2025-12-29 01:20:58.189 [info] > git rev-parse --show-toplevel [1ms]
2025-12-29 01:20:58.194 [info] > git rev-parse --show-toplevel [2ms]
2025-12-29 01:20:58.201 [info] > git rev-parse --show-toplevel [3ms]
2025-12-29 01:20:58.206 [info] > git rev-parse --show-toplevel [2ms]
2025-12-29 01:20:58.211 [info] > git rev-parse --show-toplevel [2ms]
2025-12-29 01:20:58.219 [info] > git rev-parse --show-toplevel [3ms]
2025-12-29 01:20:58.225 [info] > git rev-parse --show-toplevel [1ms]
2025-12-29 01:20:58.226 [info] [Model][doInitialScan] Initial repository scan completed - repositories (0), closed repositories (0), parent repositories (1), unsafe repositories (0)
2025-12-29 01:20:58.324 [info] > git rev-parse --show-toplevel [4ms]
2025-12-29 01:20:58.359 [info] > git rev-parse --show-toplevel [1ms]
2025-12-29 01:20:59.104 [info] > git rev-parse --show-toplevel [1ms]
2025-12-29 01:20:59.326 [info] > git rev-parse --show-toplevel [0ms]
2025-12-29 01:21:05.738 [info] > git rev-parse --show-toplevel [1ms]
