2025-12-30 02:53:08.884 [info] [main] Log level: Info
2025-12-30 02:53:08.884 [info] [main] Validating found git in: "git"
2025-12-30 02:53:08.884 [info] [main] Using git "2.52.0" from "git"
2025-12-30 02:53:08.884 [info] [Model][doInitialScan] Initial repository scan started
2025-12-30 02:53:08.884 [info] > git rev-parse --show-toplevel [7ms]
2025-12-30 02:53:08.894 [info] > git rev-parse --show-toplevel [2ms]
2025-12-30 02:53:08.903 [info] > git rev-parse --show-toplevel [4ms]
2025-12-30 02:53:08.911 [info] > git rev-parse --show-toplevel [1ms]
2025-12-30 02:53:08.916 [info] > git rev-parse --show-toplevel [0ms]
2025-12-30 02:53:08.924 [info] > git rev-parse --show-toplevel [2ms]
2025-12-30 02:53:08.929 [info] > git rev-parse --show-toplevel [1ms]
2025-12-30 02:53:08.935 [info] > git rev-parse --show-toplevel [1ms]
2025-12-30 02:53:08.942 [info] > git rev-parse --show-toplevel [1ms]
2025-12-30 02:53:08.954 [info] > git rev-parse --show-toplevel [2ms]
2025-12-30 02:53:08.977 [info] > git rev-parse --show-toplevel [11ms]
2025-12-30 02:53:09.031 [info] > git rev-parse --show-toplevel [44ms]
2025-12-30 02:53:09.046 [info] > git rev-parse --show-toplevel [4ms]
2025-12-30 02:53:09.052 [info] > git rev-parse --show-toplevel [1ms]
2025-12-30 02:53:09.056 [info] > git rev-parse --show-toplevel [1ms]
2025-12-30 02:53:09.062 [info] > git rev-parse --show-toplevel [1ms]
2025-12-30 02:53:09.067 [info] > git rev-parse --show-toplevel [0ms]
2025-12-30 02:53:09.073 [info] > git rev-parse --show-toplevel [2ms]
2025-12-30 02:53:09.078 [info] > git rev-parse --show-toplevel [1ms]
2025-12-30 02:53:09.085 [info] > git rev-parse --show-toplevel [2ms]
2025-12-30 02:53:09.093 [info] > git rev-parse --show-toplevel [1ms]
2025-12-30 02:53:09.101 [info] > git rev-parse --show-toplevel [1ms]
2025-12-30 02:53:09.107 [info] > git rev-parse --show-toplevel [2ms]
2025-12-30 02:53:09.110 [info] > git rev-parse --show-toplevel [0ms]
2025-12-30 02:53:09.115 [info] > git rev-parse --show-toplevel [1ms]
2025-12-30 02:53:09.120 [info] > git rev-parse --show-toplevel [1ms]
2025-12-30 02:53:09.122 [info] [Model][doInitialScan] Initial repository scan completed - repositories (0), closed repositories (0), parent repositories (1), unsafe repositories (0)
2025-12-30 02:53:10.403 [info] > git rev-parse --show-toplevel [3ms]
2025-12-30 02:58:18.948 [info] > git rev-parse --show-toplevel [2ms]
2025-12-30 02:59:00.411 [info] > git rev-parse --show-toplevel [1ms]
2025-12-30 03:00:07.789 [info] > git rev-parse --show-toplevel [1ms]
2025-12-30 03:01:29.133 [info] > git rev-parse --show-toplevel [3ms]
2025-12-30 03:02:50.275 [info] > git rev-parse --show-toplevel [1ms]
2025-12-30 03:14:22.263 [info] > git rev-parse --show-toplevel [1ms]
2025-12-30 03:14:23.011 [info] > git rev-parse --show-toplevel [2ms]
2025-12-30 03:15:21.727 [info] > git rev-parse --show-toplevel [1ms]
2025-12-30 03:15:24.209 [info] > git rev-parse --show-toplevel [1ms]
2025-12-30 03:15:42.340 [info] > git rev-parse --show-toplevel [1ms]
2025-12-30 03:17:10.592 [info] > git rev-parse --show-toplevel [3ms]
