2025-12-29 14:20:05.375 [info] [main] Log level: Info
2025-12-29 14:20:05.375 [info] [main] Validating found git in: "git"
2025-12-29 14:20:05.375 [info] [main] Using git "2.52.0" from "git"
2025-12-29 14:20:05.375 [info] [Model][doInitialScan] Initial repository scan started
2025-12-29 14:20:05.375 [info] > git rev-parse --show-toplevel [5ms]
2025-12-29 14:20:05.375 [info] > git rev-parse --show-toplevel [5ms]
2025-12-29 14:20:05.375 [info] > git rev-parse --show-toplevel [2ms]
2025-12-29 14:20:05.375 [info] > git rev-parse --show-toplevel [3ms]
2025-12-29 14:20:05.375 [info] > git rev-parse --show-toplevel [2ms]
2025-12-29 14:20:05.375 [info] [Model][doInitialScan] Initial repository scan completed - repositories (0), closed repositories (0), parent repositories (1), unsafe repositories (0)
2025-12-29 14:20:05.484 [info] > git rev-parse --show-toplevel [2ms]
2025-12-29 14:20:05.861 [info] > git rev-parse --show-toplevel [1ms]
2025-12-29 14:20:06.718 [info] > git rev-parse --show-toplevel [2ms]
2025-12-29 14:20:20.480 [info] > git rev-parse --show-toplevel [1ms]
2025-12-29 14:20:22.562 [info] [main] Log level: Info
2025-12-29 14:20:22.562 [info] [main] Validating found git in: "git"
2025-12-29 14:20:22.562 [info] [main] Using git "2.52.0" from "git"
2025-12-29 14:20:22.562 [info] [Model][doInitialScan] Initial repository scan started
2025-12-29 14:20:22.562 [info] > git rev-parse --show-toplevel [5ms]
2025-12-29 14:20:22.562 [info] > git rev-parse --show-toplevel [2ms]
2025-12-29 14:20:22.562 [info] > git rev-parse --show-toplevel [4ms]
2025-12-29 14:20:22.562 [info] > git rev-parse --show-toplevel [3ms]
2025-12-29 14:20:22.562 [info] > git rev-parse --show-toplevel [1ms]
2025-12-29 14:20:22.562 [info] > git rev-parse --show-toplevel [1ms]
2025-12-29 14:20:22.562 [info] > git rev-parse --show-toplevel [5ms]
2025-12-29 14:20:22.562 [info] > git rev-parse --show-toplevel [2ms]
2025-12-29 14:20:22.562 [info] > git rev-parse --show-toplevel [2ms]
2025-12-29 14:20:22.571 [info] > git rev-parse --show-toplevel [2ms]
2025-12-29 14:20:22.577 [info] > git rev-parse --show-toplevel [1ms]
2025-12-29 14:20:22.604 [info] > git rev-parse --show-toplevel [23ms]
2025-12-29 14:20:22.617 [info] > git rev-parse --show-toplevel [3ms]
2025-12-29 14:20:22.622 [info] > git rev-parse --show-toplevel [2ms]
2025-12-29 14:20:22.632 [info] > git rev-parse --show-toplevel [1ms]
2025-12-29 14:20:22.639 [info] > git rev-parse --show-toplevel [1ms]
2025-12-29 14:20:22.647 [info] > git rev-parse --show-toplevel [2ms]
2025-12-29 14:20:22.652 [info] > git rev-parse --show-toplevel [2ms]
2025-12-29 14:20:22.659 [info] > git rev-parse --show-toplevel [2ms]
2025-12-29 14:20:22.667 [info] > git rev-parse --show-toplevel [1ms]
2025-12-29 14:20:22.672 [info] > git rev-parse --show-toplevel [1ms]
2025-12-29 14:20:22.679 [info] > git rev-parse --show-toplevel [2ms]
2025-12-29 14:20:22.686 [info] > git rev-parse --show-toplevel [2ms]
2025-12-29 14:20:22.695 [info] > git rev-parse --show-toplevel [1ms]
2025-12-29 14:20:22.696 [info] [Model][doInitialScan] Initial repository scan completed - repositories (0), closed repositories (0), parent repositories (1), unsafe repositories (0)
2025-12-29 14:20:22.840 [info] > git rev-parse --show-toplevel [1ms]
2025-12-29 14:20:23.878 [info] > git rev-parse --show-toplevel [2ms]
2025-12-29 14:20:38.161 [info] > git rev-parse --show-toplevel [1ms]
2025-12-29 14:24:14.718 [info] > git rev-parse --show-toplevel [2ms]
2025-12-29 14:24:43.448 [info] > git rev-parse --show-toplevel [2ms]
2025-12-29 14:25:44.829 [info] > git rev-parse --show-toplevel [1ms]
2025-12-29 15:10:44.231 [info] > git rev-parse --show-toplevel [1ms]
2025-12-29 15:10:52.765 [info] > git rev-parse --show-toplevel [2ms]
2025-12-29 15:40:21.317 [info] > git rev-parse --show-toplevel [1ms]
2025-12-29 15:40:30.764 [info] > git rev-parse --show-toplevel [2ms]
