2025-12-31 01:17:38.540 [info] [main] Log level: Info
2025-12-31 01:17:38.540 [info] [main] Validating found git in: "git"
2025-12-31 01:17:38.540 [info] [main] Using git "2.52.0" from "git"
2025-12-31 01:17:38.540 [info] [Model][doInitialScan] Initial repository scan started
2025-12-31 01:17:38.540 [info] > git rev-parse --show-toplevel [2ms]
2025-12-31 01:17:38.540 [info] > git rev-parse --show-toplevel [3ms]
2025-12-31 01:17:38.540 [info] > git rev-parse --show-toplevel [2ms]
2025-12-31 01:17:38.540 [info] > git rev-parse --show-toplevel [2ms]
2025-12-31 01:17:38.540 [info] > git rev-parse --show-toplevel [2ms]
2025-12-31 01:17:38.540 [info] > git rev-parse --show-toplevel [1ms]
2025-12-31 01:17:38.540 [info] > git rev-parse --show-toplevel [1ms]
2025-12-31 01:17:38.540 [info] > git rev-parse --show-toplevel [0ms]
2025-12-31 01:17:38.540 [info] > git rev-parse --show-toplevel [3ms]
2025-12-31 01:17:38.540 [info] > git rev-parse --show-toplevel [1ms]
2025-12-31 01:17:38.540 [info] > git rev-parse --show-toplevel [2ms]
2025-12-31 01:17:38.540 [info] > git rev-parse --show-toplevel [2ms]
2025-12-31 01:17:38.546 [info] > git rev-parse --show-toplevel [2ms]
2025-12-31 01:17:38.567 [info] > git rev-parse --show-toplevel [17ms]
2025-12-31 01:17:38.576 [info] > git rev-parse --show-toplevel [2ms]
2025-12-31 01:17:38.585 [info] > git rev-parse --show-toplevel [3ms]
2025-12-31 01:17:38.591 [info] > git rev-parse --show-toplevel [2ms]
2025-12-31 01:17:38.596 [info] > git rev-parse --show-toplevel [1ms]
2025-12-31 01:17:38.600 [info] > git rev-parse --show-toplevel [1ms]
2025-12-31 01:17:38.609 [info] > git rev-parse --show-toplevel [1ms]
2025-12-31 01:17:38.616 [info] > git rev-parse --show-toplevel [3ms]
2025-12-31 01:17:38.625 [info] > git rev-parse --show-toplevel [4ms]
2025-12-31 01:17:38.632 [info] > git rev-parse --show-toplevel [1ms]
2025-12-31 01:17:38.640 [info] > git rev-parse --show-toplevel [2ms]
2025-12-31 01:17:38.646 [info] > git rev-parse --show-toplevel [1ms]
2025-12-31 01:17:38.650 [info] > git rev-parse --show-toplevel [1ms]
2025-12-31 01:17:38.651 [info] [Model][doInitialScan] Initial repository scan completed - repositories (0), closed repositories (0), parent repositories (1), unsafe repositories (0)
2025-12-31 01:17:38.682 [info] > git rev-parse --show-toplevel [7ms]
2025-12-31 01:17:38.696 [info] > git rev-parse --show-toplevel [1ms]
2025-12-31 01:17:38.943 [info] > git rev-parse --show-toplevel [6ms]
2025-12-31 01:17:40.111 [info] > git rev-parse --show-toplevel [1ms]
2025-12-31 01:19:00.498 [info] > git rev-parse --show-toplevel [2ms]
2025-12-31 01:19:21.609 [info] > git rev-parse --show-toplevel [2ms]
2025-12-31 01:19:31.351 [info] > git rev-parse --show-toplevel [1ms]
2025-12-31 01:24:05.161 [info] > git rev-parse --show-toplevel [1ms]
2025-12-31 02:09:59.753 [info] > git rev-parse --show-toplevel [1ms]
2025-12-31 02:10:22.645 [info] > git rev-parse --show-toplevel [1ms]
2025-12-31 02:11:50.785 [info] > git rev-parse --show-toplevel [4ms]
2025-12-31 02:12:44.056 [info] > git rev-parse --show-toplevel [1ms]
2025-12-31 02:14:00.835 [info] > git rev-parse --show-toplevel [3ms]
2025-12-31 02:14:15.159 [info] > git rev-parse --show-toplevel [1ms]
2025-12-31 02:14:37.842 [info] > git rev-parse --show-toplevel [1ms]
2025-12-31 02:15:29.826 [info] > git rev-parse --show-toplevel [3ms]
2025-12-31 02:23:51.936 [info] > git rev-parse --show-toplevel [1ms]
2025-12-31 02:24:03.562 [info] > git rev-parse --show-toplevel [2ms]
2025-12-31 02:33:36.512 [info] > git rev-parse --show-toplevel [3ms]
2025-12-31 02:45:13.465 [info] > git rev-parse --show-toplevel [1ms]
2025-12-31 02:45:47.185 [info] > git rev-parse --show-toplevel [1ms]
